
> mold-app@2.4.0 build
> next build

   Ôû▓ Next.js 15.1.6
   - Environments: .env

   Creating an optimized production build ...
 Ô£ô Compiled successfully
   Linting and checking validity of types ...
node.exe : Failed to 
compile.
En línea: 1 Carácter: 1
+ & "C:\Program 
Files\nodejs/node.exe" 
"C:\Program 
Files\nodejs/node_mo ...
+ ~~~~~~~~~~~~~~~~~~~~~~~~
~~~~~~~~~~~~~~~~~~~~~~~~~~
~~~~~~~~~~~~~~~~~~~
    + CategoryInfo        
      : NotSpecified: (F  
  ailed to compile.:Str   
 ing) [], RemoteExcept    
ion
    + FullyQualifiedError 
   Id : NativeCommandErr  
  or
 

./src/components/molds/Mol
dCard.tsx:6:10
Type error: Module '"@/ser
vices/molds.service"' has 
no exported member 
'MoldActive'.

[0m [90m 4 |[39m 
[36mimport[39m { 
useState } [36mfrom[39m 
[32m'react'[39m[0m
[0m [90m 5 |[39m 
[36mimport[39m { [33mCa
lendar[39m[33m,[39m 
[33mTag[39m[33m,[39m 
[33mAlertCircle[39m[33m,
[39m [33mMessageSquare[
39m[33m,[39m 
[33mSave[39m[33m,[39m 
[33mLoader2[39m[33m,[3
9m [33mLink2[39m[33m,[
39m 
[33mUser[39m[33m,[39m 
[33mClock[39m } 
[36mfrom[39m [32m'lucid
e-react'[39m[0m
[0m[31m[1m>[22m[39m[
90m 6 |[39m 
[36mimport[39m { [33mMo
ldActive[39m[33m,[39m 
moldsService } 
[36mfrom[39m [32m'@/ser
vices/molds.service'[39m
[0m
[0m [90m   |[39m       
   
[31m[1m^[22m[39m[0m
[0m [90m 7 |[39m[0m
[0m [90m 8 |[39m 
[36minterface[39m 
[33mMoldCardProps[39m 
{[0m
[0m [90m 9 |[39m     
mold[33m:[39m 
[33mMoldActive[39m[0m
Static worker exited with 
code: 1 and signal: null
